[
    {
        "identifier": "ef6e13ef-f601-4e74-bae8-bdf8f41cd8db",
        "title": "RESTful Webservices in Symfony",
        "workshop_date": "2022-06-14",
        "attendees": []
    }
]
