{
    "identifier": "8acf8f2b-95c1-46e1-85a4-ea6ff88081ce",
    "title": "RESTful Webservices in Symfony",
    "workshop_date": "2022-06-14",
    "attendees": []
}
